// Jest Snapshot v1, https://goo.gl/fbAQLP

exports[`assignVarFromResponseHeader should add postman collection var with name and response header value 1`] = `
Array [
  "// Set response object as internal variable
let jsonData = pm.response.json();
",
  "// pm.collectionVariables - Set leadsAdd.header as variable for header 
let leadsAddheader = pm.response.headers.get(\\"operation-location\\");
if (leadsAddheader !== undefined) {
   pm.collectionVariables.set(\\"leadsAdd.header\\", leadsAddheader);
   console.log(\\"- use {{leadsAdd.header}} as collection variable for value\\", leadsAddheader);
};
",
]
`;
