// Jest Snapshot v1, https://goo.gl/fbAQLP

exports[`testResponseBodyEmpty should add test for empty body 1`] = `
Array [
  "// Validate if response has empty Body 
pm.test(\\"[GET]::/crm/companies/:id - Response has empty Body\\", function () {
    pm.response.to.not.be.withBody;
});
",
]
`;
