// Jest Snapshot v1, https://goo.gl/fbAQLP

exports[`testResponseContentType should add test for content type 1`] = `
Array [
  "// Validate if response header has matching content-type
pm.test(\\"[GET]::/crm/companies/:id - Content-Type is application/json\\", function () {
   pm.expect(pm.response.headers.get(\\"Content-Type\\")).to.include(\\"application/json\\");
});
",
]
`;
