// Jest Snapshot v1, https://goo.gl/fbAQLP

exports[`injectEnvVariables should add script to skip tests if status returned is Not Implemented 1`] = `
Array [
  Object {
    "id": "baseUrl",
    "type": "string",
    "value": "https://unify.apideck.com",
  },
  Object {
    "key": "bearerToken",
    "type": "string",
    "value": "YOU_API_KEY_HERE",
  },
  Object {
    "key": "applicationId",
    "type": "string",
    "value": "1111",
  },
  Object {
    "key": "serviceId",
    "type": "string",
    "value": "teamleader",
  },
  Object {
    "key": "consumerId",
    "type": "string",
    "value": "test_user_id",
  },
  Object {
    "id": "bearerToken",
    "type": "string",
    "value": "f7a82583-e42a-47ec-8325-f9e5ef231303-KAwRX5cg3DgAhvz5BKs8-9200e88f-b82e-4980-99ef-79aabd71ee48",
  },
  Object {
    "id": "unifiedApi",
    "type": "string",
    "value": "crm",
  },
  Object {
    "id": "applicationId",
    "type": "string",
    "value": "2222",
  },
  Object {
    "id": "serviceId",
    "type": "string",
    "value": "activecampaign",
  },
  Object {
    "id": "consumerId",
    "type": "string",
    "value": "testing_user_id",
  },
  Object {
    "id": "resource",
    "type": "string",
    "value": "lead",
  },
  Object {
    "id": "connectorApiKey",
    "type": "string",
    "value": "a1ffa05a296f99780689a6ebd44b7c966e5591ee13cd38e5116c26e22104ac1bfaa9e00a",
  },
]
`;
