// Jest Snapshot v1, https://goo.gl/fbAQLP

exports[`skip501s should add script to skip tests if status returned is Not Implemented 1`] = `
Array [
  "// Validate status Implemented 
if(pm.response.status === 'Not Implemented'){ return };
",
  "// Validate status 2xx 
pm.test(\\"[GET]::/crm/companies - Status code is 2xx\\", function () {
   pm.response.to.be.success;
});
",
  "// Validate response time 
pm.test(\\"[GET]::/crm/companies - Response time is less than 300ms\\", function () {
    pm.expect(pm.response.responseTime).to.be.below(300);
});
",
  "// Validate if response header has matching content-type
pm.test(\\"[GET]::/crm/companies - Content-Type is application/json\\", function () {
   pm.expect(pm.response.headers.get(\\"Content-Type\\")).to.include(\\"application/json\\");
});
",
  "// Validate if response has JSON Body 
pm.test(\\"[GET]::/crm/companies - Response has JSON Body\\", function () {
    pm.response.to.have.jsonBody();});
",
  "// Response Validation
const schema = {\\"x-graphql-type-name\\":\\"CompanyList\\",\\"type\\":\\"object\\",\\"required\\":[\\"status_code\\",\\"status\\",\\"service\\",\\"resource\\",\\"operation\\",\\"data\\"],\\"properties\\":{\\"status_code\\":{\\"type\\":\\"integer\\",\\"description\\":\\"HTTP Response Status Code\\",\\"example\\":200},\\"status\\":{\\"type\\":\\"string\\",\\"description\\":\\"HTTP Response Status\\",\\"example\\":\\"OK\\"},\\"service\\":{\\"type\\":\\"string\\",\\"description\\":\\"Apideck ID of service provider\\",\\"example\\":\\"zoho-crm\\"},\\"resource\\":{\\"type\\":\\"string\\",\\"description\\":\\"Unified API resource name\\",\\"example\\":\\"companies\\"},\\"operation\\":{\\"type\\":\\"string\\",\\"description\\":\\"Operation performed\\",\\"example\\":\\"one\\"},\\"data\\":{\\"type\\":\\"array\\",\\"items\\":{\\"type\\":\\"object\\",\\"required\\":[\\"name\\"],\\"additionalProperties\\":false,\\"properties\\":{\\"id\\":{\\"type\\":\\"string\\",\\"readOnly\\":true,\\"example\\":\\"12345\\"},\\"interaction_count\\":{\\"type\\":[\\"integer\\",\\"null\\"],\\"example\\":1,\\"readOnly\\":true},\\"name\\":{\\"type\\":\\"string\\",\\"example\\":\\"Copper\\"},\\"owner_id\\":{\\"type\\":\\"string\\",\\"example\\":\\"12345\\"},\\"image_url\\":{\\"type\\":[\\"string\\",\\"null\\"],\\"example\\":\\"https://www.spacex.com/static/images/share.jpg\\"},\\"description\\":{\\"type\\":[\\"string\\",\\"null\\"],\\"example\\":\\"A crm that works for you, so you can spend time on relationships instead of data.\\"},\\"vat_number\\":{\\"description\\":\\"VAT number\\",\\"type\\":[\\"string\\",\\"null\\"],\\"example\\":\\"BE0689615164\\"},\\"currency\\":{\\"type\\":[\\"string\\",\\"null\\"],\\"example\\":\\"USD\\"},\\"status\\":{\\"type\\":[\\"string\\",\\"null\\"],\\"minLength\\":1,\\"example\\":\\"Open\\"},\\"fax\\":{\\"type\\":[\\"string\\",\\"null\\"],\\"example\\":\\"+12129876543\\"},\\"bank_accounts\\":{\\"type\\":\\"array\\",\\"items\\":{\\"type\\":\\"object\\",\\"properties\\":{\\"iban\\":{\\"type\\":[\\"string\\",\\"null\\"],\\"example\\":\\"CH2989144532982975332\\"},\\"bic\\":{\\"type\\":[\\"string\\",\\"null\\"],\\"example\\":\\"AUDSCHGGXXX\\"}}}},\\"websites\\":{\\"type\\":\\"array\\",\\"items\\":{\\"type\\":\\"object\\",\\"required\\":[\\"url\\"],\\"properties\\":{\\"id\\":{\\"type\\":[\\"string\\",\\"null\\"],\\"example\\":\\"12345\\"},\\"url\\":{\\"type\\":\\"string\\",\\"example\\":\\"http://example.com\\"},\\"type\\":{\\"type\\":\\"string\\",\\"x-graphql-type-name\\":\\"WebsiteType\\",\\"enum\\":[\\"primary\\",\\"secondary\\",\\"work\\",\\"personal\\",\\"other\\"],\\"example\\":\\"primary\\"}}}},\\"addresses\\":{\\"type\\":\\"array\\",\\"items\\":{\\"type\\":\\"object\\",\\"properties\\":{\\"id\\":{\\"type\\":[\\"string\\",\\"null\\"],\\"example\\":\\"123\\"},\\"type\\":{\\"type\\":\\"string\\",\\"x-graphql-type-name\\":\\"AddressType\\",\\"enum\\":[\\"primary\\",\\"secondary\\",\\"home\\",\\"office\\",\\"shipping\\",\\"billing\\",\\"other\\"],\\"example\\":\\"primary\\"},\\"name\\":{\\"type\\":[\\"string\\",\\"null\\"],\\"example\\":\\"HQ US\\"},\\"line1\\":{\\"type\\":[\\"string\\",\\"null\\"],\\"example\\":\\"Main street\\",\\"description\\":\\"Line 1 of the address e.g. number, street, suite, apt #, etc.\\"},\\"line2\\":{\\"type\\":[\\"string\\",\\"null\\"],\\"example\\":\\"apt #\\",\\"description\\":\\"Line 2 of the address\\"},\\"city\\":{\\"type\\":[\\"string\\",\\"null\\"],\\"example\\":\\"San Francisco\\",\\"description\\":\\"Name of city.\\"},\\"state\\":{\\"type\\":[\\"string\\",\\"null\\"],\\"example\\":\\"CA\\",\\"description\\":\\"Name of state\\"},\\"postal_code\\":{\\"type\\":[\\"string\\",\\"null\\"],\\"example\\":\\"94104\\",\\"description\\":\\"Zip code or equivalent.\\"},\\"country\\":{\\"type\\":[\\"string\\",\\"null\\"],\\"example\\":\\"US\\",\\"description\\":\\"country code according to ISO 3166-1 alpha-2.\\"},\\"latitude\\":{\\"type\\":[\\"string\\",\\"null\\"],\\"example\\":\\"40.759211\\"},\\"longitude\\":{\\"type\\":[\\"string\\",\\"null\\"],\\"example\\":\\"-73.984638\\"}}}},\\"social_links\\":{\\"type\\":\\"array\\",\\"items\\":{\\"required\\":[\\"url\\"],\\"type\\":\\"object\\",\\"properties\\":{\\"id\\":{\\"type\\":[\\"string\\",\\"null\\"],\\"example\\":\\"12345\\"},\\"url\\":{\\"type\\":\\"string\\",\\"example\\":\\"https://www.twitter.com/apideck-io\\"},\\"type\\":{\\"type\\":[\\"string\\",\\"null\\"],\\"example\\":\\"twitter\\"}}}},\\"phone_numbers\\":{\\"type\\":\\"array\\",\\"items\\":{\\"required\\":[\\"number\\"],\\"type\\":\\"object\\",\\"properties\\":{\\"id\\":{\\"type\\":[\\"string\\",\\"null\\"],\\"example\\":\\"12345\\"},\\"number\\":{\\"type\\":\\"string\\",\\"example\\":\\"111-111-1111\\"},\\"type\\":{\\"type\\":\\"string\\",\\"x-graphql-type-name\\":\\"PhoneType\\",\\"enum\\":[\\"primary\\",\\"secondary\\",\\"home\\",\\"office\\",\\"mobile\\",\\"assistant\\",\\"fax\\",\\"other\\"],\\"example\\":\\"primary\\"}}}},\\"emails\\":{\\"type\\":\\"array\\",\\"items\\":{\\"required\\":[\\"email\\"],\\"type\\":\\"object\\",\\"properties\\":{\\"id\\":{\\"type\\":\\"string\\",\\"example\\":\\"123\\"},\\"email\\":{\\"type\\":\\"string\\",\\"format\\":\\"email\\",\\"example\\":\\"elon@musk.com\\"},\\"type\\":{\\"type\\":\\"string\\",\\"x-graphql-type-name\\":\\"EmailType\\",\\"enum\\":[\\"primary\\",\\"secondary\\",\\"work\\",\\"personal\\",\\"billing\\",\\"other\\"],\\"example\\":\\"primary\\"}}}},\\"custom_fields\\":{\\"type\\":\\"array\\",\\"items\\":{\\"type\\":\\"object\\",\\"required\\":[\\"id\\"],\\"additionalProperties\\":false,\\"properties\\":{\\"id\\":{\\"type\\":\\"string\\",\\"example\\":\\"custom_technologies\\"},\\"value\\":{\\"anyOf\\":[{\\"type\\":[\\"string\\",\\"null\\"],\\"example\\":\\"Uses Salesforce and Marketo\\"},{\\"type\\":[\\"number\\",\\"null\\"],\\"example\\":10},{\\"type\\":[\\"boolean\\",\\"null\\"],\\"example\\":true},{\\"type\\":\\"array\\",\\"items\\":{\\"type\\":\\"string\\"}}]}}}},\\"tags\\":{\\"type\\":\\"array\\",\\"items\\":{\\"type\\":\\"string\\"},\\"example\\":[\\"New\\"]},\\"updated_by\\":{\\"type\\":[\\"string\\",\\"null\\"],\\"example\\":\\"12345\\",\\"readOnly\\":true},\\"created_by\\":{\\"type\\":[\\"string\\",\\"null\\"],\\"example\\":\\"12345\\",\\"readOnly\\":true},\\"updated_at\\":{\\"type\\":\\"string\\",\\"example\\":\\"2020-09-30T07:43:32.000Z\\",\\"readOnly\\":true},\\"created_at\\":{\\"type\\":\\"string\\",\\"example\\":\\"2020-09-30T07:43:32.000Z\\",\\"readOnly\\":true}}}},\\"meta\\":{\\"type\\":\\"object\\",\\"description\\":\\"Reponse metadata\\",\\"properties\\":{\\"items_on_page\\":{\\"type\\":\\"integer\\",\\"description\\":\\"Number of items returned in the data property of the response\\",\\"example\\":50},\\"cursors\\":{\\"type\\":\\"object\\",\\"description\\":\\"Cursors to navigate to previous or next pages through the API\\",\\"properties\\":{\\"previous\\":{\\"type\\":[\\"string\\",\\"null\\"],\\"description\\":\\"Cursor to navigate to the previous page of results through the API\\",\\"example\\":\\"em9oby1jcm06OnBhZ2U6OjE=\\"},\\"current\\":{\\"type\\":[\\"string\\",\\"null\\"],\\"description\\":\\"Cursor to navigate to the current page of results through the API\\",\\"example\\":\\"em9oby1jcm06OnBhZ2U6OjI=\\"},\\"next\\":{\\"type\\":[\\"string\\",\\"null\\"],\\"description\\":\\"Cursor to navigate to the next page of results through the API\\",\\"example\\":\\"em9oby1jcm06OnBhZ2U6OjM=\\"}}}}},\\"links\\":{\\"type\\":\\"object\\",\\"description\\":\\"Links to navigate to previous or next pages through the API\\",\\"properties\\":{\\"previous\\":{\\"type\\":[\\"string\\",\\"null\\"],\\"description\\":\\"Link to navigate to the previous page through the API\\",\\"example\\":\\"https://unify.apideck.com/crm/companies?cursor=em9oby1jcm06OnBhZ2U6OjE%3D\\"},\\"current\\":{\\"type\\":\\"string\\",\\"description\\":\\"Link to navigate to the current page through the API\\",\\"example\\":\\"https://unify.apideck.com/crm/companies\\"},\\"next\\":{\\"type\\":[\\"string\\",\\"null\\"],\\"description\\":\\"Link to navigate to the previous page through the API\\",\\"example\\":\\"https://unify.apideck.com/crm/companies?cursor=em9oby1jcm06OnBhZ2U6OjM\\"}}}}}

// Validate if response matches JSON schema 
pm.test(\\"[GET]::/crm/companies - Schema is valid\\", function() {
    pm.response.to.have.jsonSchema(schema,{unknownFormats: [\\"int32\\", \\"int64\\"]});
});
",
]
`;
