// Jest Snapshot v1, https://goo.gl/fbAQLP

exports[`overwriteRequestPathVariables should append the request path variable when overwrite is false 1`] = `
Array [
  Object {
    "description": Object {
      "content": "(Required) ID of the record you are acting upon.",
      "type": "text/plain",
    },
    "disabled": false,
    "key": "id",
    "type": "string",
    "value": "123456foo-bar-baz",
  },
]
`;

exports[`overwriteRequestPathVariables should overwrite the request path variable 1`] = `
Array [
  Object {
    "description": Object {
      "content": "(Required) ID of the record you are acting upon.",
      "type": "text/plain",
    },
    "disabled": false,
    "key": "id",
    "type": "string",
    "value": "foo-bar-baz",
  },
]
`;
